/home/user/anaconda3/lib/python3.13/site-packages/requests/__init__.py:113: RequestsDependencyWarning: urllib3 (2.3.0) or chardet (7.4.3)/charset_normalizer (3.3.2) doesn't match a supported version!
  warnings.warn(
2026-06-17 08:55:18.991549: I tensorflow/core/util/port.cc:153] oneDNN custom operations are on. You may see slightly different numerical results due to floating-point round-off errors from different computation orders. To turn them off, set the environment variable `TF_ENABLE_ONEDNN_OPTS=0`.
2026-06-17 08:55:19.055359: I tensorflow/core/platform/cpu_feature_guard.cc:210] This TensorFlow binary is optimized to use available CPU instructions in performance-critical operations.
To enable the following instructions: AVX2 AVX512F AVX512_VNNI FMA, in other operations, rebuild TensorFlow with the appropriate compiler flags.
`torch_dtype` is deprecated! Use `dtype` instead!
Loading  HuggingFaceTB/SmolVLM2-500M-Instruct weights ...
Reducing the number of VLM layers to 16 ...
Loading weights from local directory
[libero_v] method=baseline  TE=True  n_action_steps=1  H=50 d=7
[robosuite WARNING] No private macro file found! (__init__.py:7)
WARNING:robosuite_logs:No private macro file found!
[robosuite WARNING] It is recommended to use a private macro file (__init__.py:8)
WARNING:robosuite_logs:It is recommended to use a private macro file
[robosuite WARNING] To setup, run: python /home/user/anaconda3/lib/python3.13/site-packages/robosuite/scripts/setup_macros.py (__init__.py:9)
WARNING:robosuite_logs:To setup, run: python /home/user/anaconda3/lib/python3.13/site-packages/robosuite/scripts/setup_macros.py
Gym has been unmaintained since 2022 and does not support NumPy 2.0 amongst other critical functionality.
Please upgrade to Gymnasium, the maintained drop-in replacement of Gym, or contact the authors of your software and request that they upgrade.
Users of this version of Gym should be able to simply replace 'import gym' with 'import gymnasium as gym' in the vast majority of cases.
See the migration guide at https://gymnasium.farama.org/introduction/migration_guide/ for additional information.
[info] using task orders [0, 1, 2, 3, 4, 5, 6, 7, 8, 9]
Creating LIBERO envs | suites=['libero_spatial'] | n_envs(per task)=20 | init_states=True
Restricting to task_ids=[0]
[info] using task orders [0, 1, 2, 3, 4, 5, 6, 7, 8, 9]
Built vec env | suite=libero_spatial | task_id=0 | n_envs=20
[libero_v] object_offset 3cm -> shifted 5 free bodies: ['akita_black_bowl_1_joint0', 'akita_black_bowl_2_joint0', 'cookies_1_joint0', 'glazed_rim_porcelain_ramekin_1_joint0', 'plate_1_joint0']
[libero_v] object_offset 3cm -> shifted 5 free bodies: ['akita_black_bowl_1_joint0', 'akita_black_bowl_2_joint0', 'cookies_1_joint0', 'glazed_rim_porcelain_ramekin_1_joint0', 'plate_1_joint0']
[libero_v] object_offset 3cm -> shifted 5 free bodies: ['akita_black_bowl_1_joint0', 'akita_black_bowl_2_joint0', 'cookies_1_joint0', 'glazed_rim_porcelain_ramekin_1_joint0', 'plate_1_joint0']
[libero_v] object_offset 3cm -> shifted 5 free bodies: ['akita_black_bowl_1_joint0', 'akita_black_bowl_2_joint0', 'cookies_1_joint0', 'glazed_rim_porcelain_ramekin_1_joint0', 'plate_1_joint0']
[libero_v] object_offset 3cm -> shifted 5 free bodies: ['akita_black_bowl_1_joint0', 'akita_black_bowl_2_joint0', 'cookies_1_joint0', 'glazed_rim_porcelain_ramekin_1_joint0', 'plate_1_joint0']
[libero_v] object_offset 3cm -> shifted 5 free bodies: ['akita_black_bowl_1_joint0', 'akita_black_bowl_2_joint0', 'cookies_1_joint0', 'glazed_rim_porcelain_ramekin_1_joint0', 'plate_1_joint0']
[libero_v] object_offset 3cm -> shifted 5 free bodies: ['akita_black_bowl_1_joint0', 'akita_black_bowl_2_joint0', 'cookies_1_joint0', 'glazed_rim_porcelain_ramekin_1_joint0', 'plate_1_joint0']
[libero_v] object_offset 3cm -> shifted 5 free bodies: ['akita_black_bowl_1_joint0', 'akita_black_bowl_2_joint0', 'cookies_1_joint0', 'glazed_rim_porcelain_ramekin_1_joint0', 'plate_1_joint0']
[libero_v] object_offset 3cm -> shifted 5 free bodies: ['akita_black_bowl_1_joint0', 'akita_black_bowl_2_joint0', 'cookies_1_joint0', 'glazed_rim_porcelain_ramekin_1_joint0', 'plate_1_joint0']
[libero_v] object_offset 3cm -> shifted 5 free bodies: ['akita_black_bowl_1_joint0', 'akita_black_bowl_2_joint0', 'cookies_1_joint0', 'glazed_rim_porcelain_ramekin_1_joint0', 'plate_1_joint0']
[libero_v] object_offset 3cm -> shifted 5 free bodies: ['akita_black_bowl_1_joint0', 'akita_black_bowl_2_joint0', 'cookies_1_joint0', 'glazed_rim_porcelain_ramekin_1_joint0', 'plate_1_joint0']
[libero_v] object_offset 3cm -> shifted 5 free bodies: ['akita_black_bowl_1_joint0', 'akita_black_bowl_2_joint0', 'cookies_1_joint0', 'glazed_rim_porcelain_ramekin_1_joint0', 'plate_1_joint0']
[libero_v] object_offset 3cm -> shifted 5 free bodies: ['akita_black_bowl_1_joint0', 'akita_black_bowl_2_joint0', 'cookies_1_joint0', 'glazed_rim_porcelain_ramekin_1_joint0', 'plate_1_joint0']
[libero_v] object_offset 3cm -> shifted 5 free bodies: ['akita_black_bowl_1_joint0', 'akita_black_bowl_2_joint0', 'cookies_1_joint0', 'glazed_rim_porcelain_ramekin_1_joint0', 'plate_1_joint0']
[libero_v] object_offset 3cm -> shifted 5 free bodies: ['akita_black_bowl_1_joint0', 'akita_black_bowl_2_joint0', 'cookies_1_joint0', 'glazed_rim_porcelain_ramekin_1_joint0', 'plate_1_joint0']
[libero_v] object_offset 3cm -> shifted 5 free bodies: ['akita_black_bowl_1_joint0', 'akita_black_bowl_2_joint0', 'cookies_1_joint0', 'glazed_rim_porcelain_ramekin_1_joint0', 'plate_1_joint0']
[libero_v] object_offset 3cm -> shifted 5 free bodies: ['akita_black_bowl_1_joint0', 'akita_black_bowl_2_joint0', 'cookies_1_joint0', 'glazed_rim_porcelain_ramekin_1_joint0', 'plate_1_joint0']
[libero_v] object_offset 3cm -> shifted 5 free bodies: ['akita_black_bowl_1_joint0', 'akita_black_bowl_2_joint0', 'cookies_1_joint0', 'glazed_rim_porcelain_ramekin_1_joint0', 'plate_1_joint0']
[libero_v] object_offset 3cm -> shifted 5 free bodies: ['akita_black_bowl_1_joint0', 'akita_black_bowl_2_joint0', 'cookies_1_joint0', 'glazed_rim_porcelain_ramekin_1_joint0', 'plate_1_joint0']
[libero_v] object_offset 3cm -> shifted 5 free bodies: ['akita_black_bowl_1_joint0', 'akita_black_bowl_2_joint0', 'cookies_1_joint0', 'glazed_rim_porcelain_ramekin_1_joint0', 'plate_1_joint0']
[libero_v] object_offset_3 t0: 7/10
Creating LIBERO envs | suites=['libero_spatial'] | n_envs(per task)=20 | init_states=True
Restricting to task_ids=[1]
[info] using task orders [0, 1, 2, 3, 4, 5, 6, 7, 8, 9]
Built vec env | suite=libero_spatial | task_id=1 | n_envs=20
[libero_v] object_offset 3cm -> shifted 5 free bodies: ['akita_black_bowl_1_joint0', 'akita_black_bowl_2_joint0', 'cookies_1_joint0', 'glazed_rim_porcelain_ramekin_1_joint0', 'plate_1_joint0']
[libero_v] object_offset 3cm -> shifted 5 free bodies: ['akita_black_bowl_1_joint0', 'akita_black_bowl_2_joint0', 'cookies_1_joint0', 'glazed_rim_porcelain_ramekin_1_joint0', 'plate_1_joint0']
[libero_v] object_offset 3cm -> shifted 5 free bodies: ['akita_black_bowl_1_joint0', 'akita_black_bowl_2_joint0', 'cookies_1_joint0', 'glazed_rim_porcelain_ramekin_1_joint0', 'plate_1_joint0']
[libero_v] object_offset 3cm -> shifted 5 free bodies: ['akita_black_bowl_1_joint0', 'akita_black_bowl_2_joint0', 'cookies_1_joint0', 'glazed_rim_porcelain_ramekin_1_joint0', 'plate_1_joint0']
[libero_v] object_offset 3cm -> shifted 5 free bodies: ['akita_black_bowl_1_joint0', 'akita_black_bowl_2_joint0', 'cookies_1_joint0', 'glazed_rim_porcelain_ramekin_1_joint0', 'plate_1_joint0']
[libero_v] object_offset 3cm -> shifted 5 free bodies: ['akita_black_bowl_1_joint0', 'akita_black_bowl_2_joint0', 'cookies_1_joint0', 'glazed_rim_porcelain_ramekin_1_joint0', 'plate_1_joint0']
[libero_v] object_offset 3cm -> shifted 5 free bodies: ['akita_black_bowl_1_joint0', 'akita_black_bowl_2_joint0', 'cookies_1_joint0', 'glazed_rim_porcelain_ramekin_1_joint0', 'plate_1_joint0']
[libero_v] object_offset 3cm -> shifted 5 free bodies: ['akita_black_bowl_1_joint0', 'akita_black_bowl_2_joint0', 'cookies_1_joint0', 'glazed_rim_porcelain_ramekin_1_joint0', 'plate_1_joint0']
[libero_v] object_offset 3cm -> shifted 5 free bodies: ['akita_black_bowl_1_joint0', 'akita_black_bowl_2_joint0', 'cookies_1_joint0', 'glazed_rim_porcelain_ramekin_1_joint0', 'plate_1_joint0']
[libero_v] object_offset 3cm -> shifted 5 free bodies: ['akita_black_bowl_1_joint0', 'akita_black_bowl_2_joint0', 'cookies_1_joint0', 'glazed_rim_porcelain_ramekin_1_joint0', 'plate_1_joint0']
[libero_v] object_offset 3cm -> shifted 5 free bodies: ['akita_black_bowl_1_joint0', 'akita_black_bowl_2_joint0', 'cookies_1_joint0', 'glazed_rim_porcelain_ramekin_1_joint0', 'plate_1_joint0']
[libero_v] object_offset 3cm -> shifted 5 free bodies: ['akita_black_bowl_1_joint0', 'akita_black_bowl_2_joint0', 'cookies_1_joint0', 'glazed_rim_porcelain_ramekin_1_joint0', 'plate_1_joint0']
[libero_v] object_offset 3cm -> shifted 5 free bodies: ['akita_black_bowl_1_joint0', 'akita_black_bowl_2_joint0', 'cookies_1_joint0', 'glazed_rim_porcelain_ramekin_1_joint0', 'plate_1_joint0']
[libero_v] object_offset 3cm -> shifted 5 free bodies: ['akita_black_bowl_1_joint0', 'akita_black_bowl_2_joint0', 'cookies_1_joint0', 'glazed_rim_porcelain_ramekin_1_joint0', 'plate_1_joint0']
[libero_v] object_offset 3cm -> shifted 5 free bodies: ['akita_black_bowl_1_joint0', 'akita_black_bowl_2_joint0', 'cookies_1_joint0', 'glazed_rim_porcelain_ramekin_1_joint0', 'plate_1_joint0']
[libero_v] object_offset 3cm -> shifted 5 free bodies: ['akita_black_bowl_1_joint0', 'akita_black_bowl_2_joint0', 'cookies_1_joint0', 'glazed_rim_porcelain_ramekin_1_joint0', 'plate_1_joint0']
[libero_v] object_offset 3cm -> shifted 5 free bodies: ['akita_black_bowl_1_joint0', 'akita_black_bowl_2_joint0', 'cookies_1_joint0', 'glazed_rim_porcelain_ramekin_1_joint0', 'plate_1_joint0']
[libero_v] object_offset 3cm -> shifted 5 free bodies: ['akita_black_bowl_1_joint0', 'akita_black_bowl_2_joint0', 'cookies_1_joint0', 'glazed_rim_porcelain_ramekin_1_joint0', 'plate_1_joint0']
[libero_v] object_offset 3cm -> shifted 5 free bodies: ['akita_black_bowl_1_joint0', 'akita_black_bowl_2_joint0', 'cookies_1_joint0', 'glazed_rim_porcelain_ramekin_1_joint0', 'plate_1_joint0']
[libero_v] object_offset 3cm -> shifted 5 free bodies: ['akita_black_bowl_1_joint0', 'akita_black_bowl_2_joint0', 'cookies_1_joint0', 'glazed_rim_porcelain_ramekin_1_joint0', 'plate_1_joint0']
[libero_v] object_offset_3 t1: 10/10
Creating LIBERO envs | suites=['libero_spatial'] | n_envs(per task)=20 | init_states=True
Restricting to task_ids=[2]
[info] using task orders [0, 1, 2, 3, 4, 5, 6, 7, 8, 9]
Built vec env | suite=libero_spatial | task_id=2 | n_envs=20
[libero_v] object_offset 3cm -> shifted 5 free bodies: ['akita_black_bowl_1_joint0', 'akita_black_bowl_2_joint0', 'cookies_1_joint0', 'glazed_rim_porcelain_ramekin_1_joint0', 'plate_1_joint0']
[libero_v] object_offset 3cm -> shifted 5 free bodies: ['akita_black_bowl_1_joint0', 'akita_black_bowl_2_joint0', 'cookies_1_joint0', 'glazed_rim_porcelain_ramekin_1_joint0', 'plate_1_joint0']
[libero_v] object_offset 3cm -> shifted 5 free bodies: ['akita_black_bowl_1_joint0', 'akita_black_bowl_2_joint0', 'cookies_1_joint0', 'glazed_rim_porcelain_ramekin_1_joint0', 'plate_1_joint0']
[libero_v] object_offset 3cm -> shifted 5 free bodies: ['akita_black_bowl_1_joint0', 'akita_black_bowl_2_joint0', 'cookies_1_joint0', 'glazed_rim_porcelain_ramekin_1_joint0', 'plate_1_joint0']
[libero_v] object_offset 3cm -> shifted 5 free bodies: ['akita_black_bowl_1_joint0', 'akita_black_bowl_2_joint0', 'cookies_1_joint0', 'glazed_rim_porcelain_ramekin_1_joint0', 'plate_1_joint0']
[libero_v] object_offset 3cm -> shifted 5 free bodies: ['akita_black_bowl_1_joint0', 'akita_black_bowl_2_joint0', 'cookies_1_joint0', 'glazed_rim_porcelain_ramekin_1_joint0', 'plate_1_joint0']
[libero_v] object_offset 3cm -> shifted 5 free bodies: ['akita_black_bowl_1_joint0', 'akita_black_bowl_2_joint0', 'cookies_1_joint0', 'glazed_rim_porcelain_ramekin_1_joint0', 'plate_1_joint0']
[libero_v] object_offset 3cm -> shifted 5 free bodies: ['akita_black_bowl_1_joint0', 'akita_black_bowl_2_joint0', 'cookies_1_joint0', 'glazed_rim_porcelain_ramekin_1_joint0', 'plate_1_joint0']
[libero_v] object_offset 3cm -> shifted 5 free bodies: ['akita_black_bowl_1_joint0', 'akita_black_bowl_2_joint0', 'cookies_1_joint0', 'glazed_rim_porcelain_ramekin_1_joint0', 'plate_1_joint0']
[libero_v] object_offset 3cm -> shifted 5 free bodies: ['akita_black_bowl_1_joint0', 'akita_black_bowl_2_joint0', 'cookies_1_joint0', 'glazed_rim_porcelain_ramekin_1_joint0', 'plate_1_joint0']
[libero_v] object_offset 3cm -> shifted 5 free bodies: ['akita_black_bowl_1_joint0', 'akita_black_bowl_2_joint0', 'cookies_1_joint0', 'glazed_rim_porcelain_ramekin_1_joint0', 'plate_1_joint0']
[libero_v] object_offset 3cm -> shifted 5 free bodies: ['akita_black_bowl_1_joint0', 'akita_black_bowl_2_joint0', 'cookies_1_joint0', 'glazed_rim_porcelain_ramekin_1_joint0', 'plate_1_joint0']
[libero_v] object_offset 3cm -> shifted 5 free bodies: ['akita_black_bowl_1_joint0', 'akita_black_bowl_2_joint0', 'cookies_1_joint0', 'glazed_rim_porcelain_ramekin_1_joint0', 'plate_1_joint0']
[libero_v] object_offset 3cm -> shifted 5 free bodies: ['akita_black_bowl_1_joint0', 'akita_black_bowl_2_joint0', 'cookies_1_joint0', 'glazed_rim_porcelain_ramekin_1_joint0', 'plate_1_joint0']
[libero_v] object_offset 3cm -> shifted 5 free bodies: ['akita_black_bowl_1_joint0', 'akita_black_bowl_2_joint0', 'cookies_1_joint0', 'glazed_rim_porcelain_ramekin_1_joint0', 'plate_1_joint0']
[libero_v] object_offset 3cm -> shifted 5 free bodies: ['akita_black_bowl_1_joint0', 'akita_black_bowl_2_joint0', 'cookies_1_joint0', 'glazed_rim_porcelain_ramekin_1_joint0', 'plate_1_joint0']
[libero_v] object_offset 3cm -> shifted 5 free bodies: ['akita_black_bowl_1_joint0', 'akita_black_bowl_2_joint0', 'cookies_1_joint0', 'glazed_rim_porcelain_ramekin_1_joint0', 'plate_1_joint0']
[libero_v] object_offset 3cm -> shifted 5 free bodies: ['akita_black_bowl_1_joint0', 'akita_black_bowl_2_joint0', 'cookies_1_joint0', 'glazed_rim_porcelain_ramekin_1_joint0', 'plate_1_joint0']
[libero_v] object_offset 3cm -> shifted 5 free bodies: ['akita_black_bowl_1_joint0', 'akita_black_bowl_2_joint0', 'cookies_1_joint0', 'glazed_rim_porcelain_ramekin_1_joint0', 'plate_1_joint0']
[libero_v] object_offset 3cm -> shifted 5 free bodies: ['akita_black_bowl_1_joint0', 'akita_black_bowl_2_joint0', 'cookies_1_joint0', 'glazed_rim_porcelain_ramekin_1_joint0', 'plate_1_joint0']
[libero_v] object_offset_3 t2: 8/10
Creating LIBERO envs | suites=['libero_spatial'] | n_envs(per task)=20 | init_states=True
Restricting to task_ids=[3]
[info] using task orders [0, 1, 2, 3, 4, 5, 6, 7, 8, 9]
Built vec env | suite=libero_spatial | task_id=3 | n_envs=20
[libero_v] object_offset 3cm -> shifted 5 free bodies: ['akita_black_bowl_1_joint0', 'akita_black_bowl_2_joint0', 'cookies_1_joint0', 'glazed_rim_porcelain_ramekin_1_joint0', 'plate_1_joint0']
[libero_v] object_offset 3cm -> shifted 5 free bodies: ['akita_black_bowl_1_joint0', 'akita_black_bowl_2_joint0', 'cookies_1_joint0', 'glazed_rim_porcelain_ramekin_1_joint0', 'plate_1_joint0']
[libero_v] object_offset 3cm -> shifted 5 free bodies: ['akita_black_bowl_1_joint0', 'akita_black_bowl_2_joint0', 'cookies_1_joint0', 'glazed_rim_porcelain_ramekin_1_joint0', 'plate_1_joint0']
[libero_v] object_offset 3cm -> shifted 5 free bodies: ['akita_black_bowl_1_joint0', 'akita_black_bowl_2_joint0', 'cookies_1_joint0', 'glazed_rim_porcelain_ramekin_1_joint0', 'plate_1_joint0']
[libero_v] object_offset 3cm -> shifted 5 free bodies: ['akita_black_bowl_1_joint0', 'akita_black_bowl_2_joint0', 'cookies_1_joint0', 'glazed_rim_porcelain_ramekin_1_joint0', 'plate_1_joint0']
[libero_v] object_offset 3cm -> shifted 5 free bodies: ['akita_black_bowl_1_joint0', 'akita_black_bowl_2_joint0', 'cookies_1_joint0', 'glazed_rim_porcelain_ramekin_1_joint0', 'plate_1_joint0']
[libero_v] object_offset 3cm -> shifted 5 free bodies: ['akita_black_bowl_1_joint0', 'akita_black_bowl_2_joint0', 'cookies_1_joint0', 'glazed_rim_porcelain_ramekin_1_joint0', 'plate_1_joint0']
[libero_v] object_offset 3cm -> shifted 5 free bodies: ['akita_black_bowl_1_joint0', 'akita_black_bowl_2_joint0', 'cookies_1_joint0', 'glazed_rim_porcelain_ramekin_1_joint0', 'plate_1_joint0']
[libero_v] object_offset 3cm -> shifted 5 free bodies: ['akita_black_bowl_1_joint0', 'akita_black_bowl_2_joint0', 'cookies_1_joint0', 'glazed_rim_porcelain_ramekin_1_joint0', 'plate_1_joint0']
[libero_v] object_offset 3cm -> shifted 5 free bodies: ['akita_black_bowl_1_joint0', 'akita_black_bowl_2_joint0', 'cookies_1_joint0', 'glazed_rim_porcelain_ramekin_1_joint0', 'plate_1_joint0']
[libero_v] object_offset 3cm -> shifted 5 free bodies: ['akita_black_bowl_1_joint0', 'akita_black_bowl_2_joint0', 'cookies_1_joint0', 'glazed_rim_porcelain_ramekin_1_joint0', 'plate_1_joint0']
[libero_v] object_offset 3cm -> shifted 5 free bodies: ['akita_black_bowl_1_joint0', 'akita_black_bowl_2_joint0', 'cookies_1_joint0', 'glazed_rim_porcelain_ramekin_1_joint0', 'plate_1_joint0']
[libero_v] object_offset 3cm -> shifted 5 free bodies: ['akita_black_bowl_1_joint0', 'akita_black_bowl_2_joint0', 'cookies_1_joint0', 'glazed_rim_porcelain_ramekin_1_joint0', 'plate_1_joint0']
[libero_v] object_offset 3cm -> shifted 5 free bodies: ['akita_black_bowl_1_joint0', 'akita_black_bowl_2_joint0', 'cookies_1_joint0', 'glazed_rim_porcelain_ramekin_1_joint0', 'plate_1_joint0']
[libero_v] object_offset 3cm -> shifted 5 free bodies: ['akita_black_bowl_1_joint0', 'akita_black_bowl_2_joint0', 'cookies_1_joint0', 'glazed_rim_porcelain_ramekin_1_joint0', 'plate_1_joint0']
[libero_v] object_offset 3cm -> shifted 5 free bodies: ['akita_black_bowl_1_joint0', 'akita_black_bowl_2_joint0', 'cookies_1_joint0', 'glazed_rim_porcelain_ramekin_1_joint0', 'plate_1_joint0']
[libero_v] object_offset 3cm -> shifted 5 free bodies: ['akita_black_bowl_1_joint0', 'akita_black_bowl_2_joint0', 'cookies_1_joint0', 'glazed_rim_porcelain_ramekin_1_joint0', 'plate_1_joint0']
[libero_v] object_offset 3cm -> shifted 5 free bodies: ['akita_black_bowl_1_joint0', 'akita_black_bowl_2_joint0', 'cookies_1_joint0', 'glazed_rim_porcelain_ramekin_1_joint0', 'plate_1_joint0']
[libero_v] object_offset 3cm -> shifted 5 free bodies: ['akita_black_bowl_1_joint0', 'akita_black_bowl_2_joint0', 'cookies_1_joint0', 'glazed_rim_porcelain_ramekin_1_joint0', 'plate_1_joint0']
[libero_v] object_offset 3cm -> shifted 5 free bodies: ['akita_black_bowl_1_joint0', 'akita_black_bowl_2_joint0', 'cookies_1_joint0', 'glazed_rim_porcelain_ramekin_1_joint0', 'plate_1_joint0']
[libero_v] object_offset_3 t3: 8/10
Creating LIBERO envs | suites=['libero_spatial'] | n_envs(per task)=20 | init_states=True
Restricting to task_ids=[4]
[info] using task orders [0, 1, 2, 3, 4, 5, 6, 7, 8, 9]
Built vec env | suite=libero_spatial | task_id=4 | n_envs=20
[libero_v] object_offset 3cm -> shifted 5 free bodies: ['akita_black_bowl_1_joint0', 'akita_black_bowl_2_joint0', 'cookies_1_joint0', 'glazed_rim_porcelain_ramekin_1_joint0', 'plate_1_joint0']
[libero_v] object_offset 3cm -> shifted 5 free bodies: ['akita_black_bowl_1_joint0', 'akita_black_bowl_2_joint0', 'cookies_1_joint0', 'glazed_rim_porcelain_ramekin_1_joint0', 'plate_1_joint0']
[libero_v] object_offset 3cm -> shifted 5 free bodies: ['akita_black_bowl_1_joint0', 'akita_black_bowl_2_joint0', 'cookies_1_joint0', 'glazed_rim_porcelain_ramekin_1_joint0', 'plate_1_joint0']
[libero_v] object_offset 3cm -> shifted 5 free bodies: ['akita_black_bowl_1_joint0', 'akita_black_bowl_2_joint0', 'cookies_1_joint0', 'glazed_rim_porcelain_ramekin_1_joint0', 'plate_1_joint0']
[libero_v] object_offset 3cm -> shifted 5 free bodies: ['akita_black_bowl_1_joint0', 'akita_black_bowl_2_joint0', 'cookies_1_joint0', 'glazed_rim_porcelain_ramekin_1_joint0', 'plate_1_joint0']
[libero_v] object_offset 3cm -> shifted 5 free bodies: ['akita_black_bowl_1_joint0', 'akita_black_bowl_2_joint0', 'cookies_1_joint0', 'glazed_rim_porcelain_ramekin_1_joint0', 'plate_1_joint0']
[libero_v] object_offset 3cm -> shifted 5 free bodies: ['akita_black_bowl_1_joint0', 'akita_black_bowl_2_joint0', 'cookies_1_joint0', 'glazed_rim_porcelain_ramekin_1_joint0', 'plate_1_joint0']
[libero_v] object_offset 3cm -> shifted 5 free bodies: ['akita_black_bowl_1_joint0', 'akita_black_bowl_2_joint0', 'cookies_1_joint0', 'glazed_rim_porcelain_ramekin_1_joint0', 'plate_1_joint0']
[libero_v] object_offset 3cm -> shifted 5 free bodies: ['akita_black_bowl_1_joint0', 'akita_black_bowl_2_joint0', 'cookies_1_joint0', 'glazed_rim_porcelain_ramekin_1_joint0', 'plate_1_joint0']
[libero_v] object_offset 3cm -> shifted 5 free bodies: ['akita_black_bowl_1_joint0', 'akita_black_bowl_2_joint0', 'cookies_1_joint0', 'glazed_rim_porcelain_ramekin_1_joint0', 'plate_1_joint0']
[libero_v] object_offset 3cm -> shifted 5 free bodies: ['akita_black_bowl_1_joint0', 'akita_black_bowl_2_joint0', 'cookies_1_joint0', 'glazed_rim_porcelain_ramekin_1_joint0', 'plate_1_joint0']
[libero_v] object_offset 3cm -> shifted 5 free bodies: ['akita_black_bowl_1_joint0', 'akita_black_bowl_2_joint0', 'cookies_1_joint0', 'glazed_rim_porcelain_ramekin_1_joint0', 'plate_1_joint0']
[libero_v] object_offset 3cm -> shifted 5 free bodies: ['akita_black_bowl_1_joint0', 'akita_black_bowl_2_joint0', 'cookies_1_joint0', 'glazed_rim_porcelain_ramekin_1_joint0', 'plate_1_joint0']
[libero_v] object_offset 3cm -> shifted 5 free bodies: ['akita_black_bowl_1_joint0', 'akita_black_bowl_2_joint0', 'cookies_1_joint0', 'glazed_rim_porcelain_ramekin_1_joint0', 'plate_1_joint0']
[libero_v] object_offset 3cm -> shifted 5 free bodies: ['akita_black_bowl_1_joint0', 'akita_black_bowl_2_joint0', 'cookies_1_joint0', 'glazed_rim_porcelain_ramekin_1_joint0', 'plate_1_joint0']
[libero_v] object_offset 3cm -> shifted 5 free bodies: ['akita_black_bowl_1_joint0', 'akita_black_bowl_2_joint0', 'cookies_1_joint0', 'glazed_rim_porcelain_ramekin_1_joint0', 'plate_1_joint0']
[libero_v] object_offset 3cm -> shifted 5 free bodies: ['akita_black_bowl_1_joint0', 'akita_black_bowl_2_joint0', 'cookies_1_joint0', 'glazed_rim_porcelain_ramekin_1_joint0', 'plate_1_joint0']
[libero_v] object_offset 3cm -> shifted 5 free bodies: ['akita_black_bowl_1_joint0', 'akita_black_bowl_2_joint0', 'cookies_1_joint0', 'glazed_rim_porcelain_ramekin_1_joint0', 'plate_1_joint0']
[libero_v] object_offset 3cm -> shifted 5 free bodies: ['akita_black_bowl_1_joint0', 'akita_black_bowl_2_joint0', 'cookies_1_joint0', 'glazed_rim_porcelain_ramekin_1_joint0', 'plate_1_joint0']
[libero_v] object_offset 3cm -> shifted 5 free bodies: ['akita_black_bowl_1_joint0', 'akita_black_bowl_2_joint0', 'cookies_1_joint0', 'glazed_rim_porcelain_ramekin_1_joint0', 'plate_1_joint0']
[libero_v] object_offset_3 t4: 8/10
Creating LIBERO envs | suites=['libero_spatial'] | n_envs(per task)=20 | init_states=True
Restricting to task_ids=[5]
[info] using task orders [0, 1, 2, 3, 4, 5, 6, 7, 8, 9]
Built vec env | suite=libero_spatial | task_id=5 | n_envs=20
[libero_v] object_offset 3cm -> shifted 5 free bodies: ['akita_black_bowl_1_joint0', 'akita_black_bowl_2_joint0', 'cookies_1_joint0', 'glazed_rim_porcelain_ramekin_1_joint0', 'plate_1_joint0']
[libero_v] object_offset 3cm -> shifted 5 free bodies: ['akita_black_bowl_1_joint0', 'akita_black_bowl_2_joint0', 'cookies_1_joint0', 'glazed_rim_porcelain_ramekin_1_joint0', 'plate_1_joint0']
[libero_v] object_offset 3cm -> shifted 5 free bodies: ['akita_black_bowl_1_joint0', 'akita_black_bowl_2_joint0', 'cookies_1_joint0', 'glazed_rim_porcelain_ramekin_1_joint0', 'plate_1_joint0']
[libero_v] object_offset 3cm -> shifted 5 free bodies: ['akita_black_bowl_1_joint0', 'akita_black_bowl_2_joint0', 'cookies_1_joint0', 'glazed_rim_porcelain_ramekin_1_joint0', 'plate_1_joint0']
[libero_v] object_offset 3cm -> shifted 5 free bodies: ['akita_black_bowl_1_joint0', 'akita_black_bowl_2_joint0', 'cookies_1_joint0', 'glazed_rim_porcelain_ramekin_1_joint0', 'plate_1_joint0']
[libero_v] object_offset 3cm -> shifted 5 free bodies: ['akita_black_bowl_1_joint0', 'akita_black_bowl_2_joint0', 'cookies_1_joint0', 'glazed_rim_porcelain_ramekin_1_joint0', 'plate_1_joint0']
[libero_v] object_offset 3cm -> shifted 5 free bodies: ['akita_black_bowl_1_joint0', 'akita_black_bowl_2_joint0', 'cookies_1_joint0', 'glazed_rim_porcelain_ramekin_1_joint0', 'plate_1_joint0']
[libero_v] object_offset 3cm -> shifted 5 free bodies: ['akita_black_bowl_1_joint0', 'akita_black_bowl_2_joint0', 'cookies_1_joint0', 'glazed_rim_porcelain_ramekin_1_joint0', 'plate_1_joint0']
[libero_v] object_offset 3cm -> shifted 5 free bodies: ['akita_black_bowl_1_joint0', 'akita_black_bowl_2_joint0', 'cookies_1_joint0', 'glazed_rim_porcelain_ramekin_1_joint0', 'plate_1_joint0']
[libero_v] object_offset 3cm -> shifted 5 free bodies: ['akita_black_bowl_1_joint0', 'akita_black_bowl_2_joint0', 'cookies_1_joint0', 'glazed_rim_porcelain_ramekin_1_joint0', 'plate_1_joint0']
[libero_v] object_offset 3cm -> shifted 5 free bodies: ['akita_black_bowl_1_joint0', 'akita_black_bowl_2_joint0', 'cookies_1_joint0', 'glazed_rim_porcelain_ramekin_1_joint0', 'plate_1_joint0']
[libero_v] object_offset 3cm -> shifted 5 free bodies: ['akita_black_bowl_1_joint0', 'akita_black_bowl_2_joint0', 'cookies_1_joint0', 'glazed_rim_porcelain_ramekin_1_joint0', 'plate_1_joint0']
[libero_v] object_offset 3cm -> shifted 5 free bodies: ['akita_black_bowl_1_joint0', 'akita_black_bowl_2_joint0', 'cookies_1_joint0', 'glazed_rim_porcelain_ramekin_1_joint0', 'plate_1_joint0']
[libero_v] object_offset 3cm -> shifted 5 free bodies: ['akita_black_bowl_1_joint0', 'akita_black_bowl_2_joint0', 'cookies_1_joint0', 'glazed_rim_porcelain_ramekin_1_joint0', 'plate_1_joint0']
[libero_v] object_offset 3cm -> shifted 5 free bodies: ['akita_black_bowl_1_joint0', 'akita_black_bowl_2_joint0', 'cookies_1_joint0', 'glazed_rim_porcelain_ramekin_1_joint0', 'plate_1_joint0']
[libero_v] object_offset 3cm -> shifted 5 free bodies: ['akita_black_bowl_1_joint0', 'akita_black_bowl_2_joint0', 'cookies_1_joint0', 'glazed_rim_porcelain_ramekin_1_joint0', 'plate_1_joint0']
[libero_v] object_offset 3cm -> shifted 5 free bodies: ['akita_black_bowl_1_joint0', 'akita_black_bowl_2_joint0', 'cookies_1_joint0', 'glazed_rim_porcelain_ramekin_1_joint0', 'plate_1_joint0']
[libero_v] object_offset 3cm -> shifted 5 free bodies: ['akita_black_bowl_1_joint0', 'akita_black_bowl_2_joint0', 'cookies_1_joint0', 'glazed_rim_porcelain_ramekin_1_joint0', 'plate_1_joint0']
[libero_v] object_offset 3cm -> shifted 5 free bodies: ['akita_black_bowl_1_joint0', 'akita_black_bowl_2_joint0', 'cookies_1_joint0', 'glazed_rim_porcelain_ramekin_1_joint0', 'plate_1_joint0']
[libero_v] object_offset 3cm -> shifted 5 free bodies: ['akita_black_bowl_1_joint0', 'akita_black_bowl_2_joint0', 'cookies_1_joint0', 'glazed_rim_porcelain_ramekin_1_joint0', 'plate_1_joint0']
[libero_v] object_offset_3 t5: 3/10
Creating LIBERO envs | suites=['libero_spatial'] | n_envs(per task)=20 | init_states=True
Restricting to task_ids=[6]
[info] using task orders [0, 1, 2, 3, 4, 5, 6, 7, 8, 9]
Built vec env | suite=libero_spatial | task_id=6 | n_envs=20
[libero_v] object_offset 3cm -> shifted 5 free bodies: ['akita_black_bowl_1_joint0', 'akita_black_bowl_2_joint0', 'cookies_1_joint0', 'glazed_rim_porcelain_ramekin_1_joint0', 'plate_1_joint0']
[libero_v] object_offset 3cm -> shifted 5 free bodies: ['akita_black_bowl_1_joint0', 'akita_black_bowl_2_joint0', 'cookies_1_joint0', 'glazed_rim_porcelain_ramekin_1_joint0', 'plate_1_joint0']
[libero_v] object_offset 3cm -> shifted 5 free bodies: ['akita_black_bowl_1_joint0', 'akita_black_bowl_2_joint0', 'cookies_1_joint0', 'glazed_rim_porcelain_ramekin_1_joint0', 'plate_1_joint0']
[libero_v] object_offset 3cm -> shifted 5 free bodies: ['akita_black_bowl_1_joint0', 'akita_black_bowl_2_joint0', 'cookies_1_joint0', 'glazed_rim_porcelain_ramekin_1_joint0', 'plate_1_joint0']
[libero_v] object_offset 3cm -> shifted 5 free bodies: ['akita_black_bowl_1_joint0', 'akita_black_bowl_2_joint0', 'cookies_1_joint0', 'glazed_rim_porcelain_ramekin_1_joint0', 'plate_1_joint0']
[libero_v] object_offset 3cm -> shifted 5 free bodies: ['akita_black_bowl_1_joint0', 'akita_black_bowl_2_joint0', 'cookies_1_joint0', 'glazed_rim_porcelain_ramekin_1_joint0', 'plate_1_joint0']
[libero_v] object_offset 3cm -> shifted 5 free bodies: ['akita_black_bowl_1_joint0', 'akita_black_bowl_2_joint0', 'cookies_1_joint0', 'glazed_rim_porcelain_ramekin_1_joint0', 'plate_1_joint0']
[libero_v] object_offset 3cm -> shifted 5 free bodies: ['akita_black_bowl_1_joint0', 'akita_black_bowl_2_joint0', 'cookies_1_joint0', 'glazed_rim_porcelain_ramekin_1_joint0', 'plate_1_joint0']
[libero_v] object_offset 3cm -> shifted 5 free bodies: ['akita_black_bowl_1_joint0', 'akita_black_bowl_2_joint0', 'cookies_1_joint0', 'glazed_rim_porcelain_ramekin_1_joint0', 'plate_1_joint0']
[libero_v] object_offset 3cm -> shifted 5 free bodies: ['akita_black_bowl_1_joint0', 'akita_black_bowl_2_joint0', 'cookies_1_joint0', 'glazed_rim_porcelain_ramekin_1_joint0', 'plate_1_joint0']
[libero_v] object_offset 3cm -> shifted 5 free bodies: ['akita_black_bowl_1_joint0', 'akita_black_bowl_2_joint0', 'cookies_1_joint0', 'glazed_rim_porcelain_ramekin_1_joint0', 'plate_1_joint0']
[libero_v] object_offset 3cm -> shifted 5 free bodies: ['akita_black_bowl_1_joint0', 'akita_black_bowl_2_joint0', 'cookies_1_joint0', 'glazed_rim_porcelain_ramekin_1_joint0', 'plate_1_joint0']
[libero_v] object_offset 3cm -> shifted 5 free bodies: ['akita_black_bowl_1_joint0', 'akita_black_bowl_2_joint0', 'cookies_1_joint0', 'glazed_rim_porcelain_ramekin_1_joint0', 'plate_1_joint0']
[libero_v] object_offset 3cm -> shifted 5 free bodies: ['akita_black_bowl_1_joint0', 'akita_black_bowl_2_joint0', 'cookies_1_joint0', 'glazed_rim_porcelain_ramekin_1_joint0', 'plate_1_joint0']
[libero_v] object_offset 3cm -> shifted 5 free bodies: ['akita_black_bowl_1_joint0', 'akita_black_bowl_2_joint0', 'cookies_1_joint0', 'glazed_rim_porcelain_ramekin_1_joint0', 'plate_1_joint0']
[libero_v] object_offset 3cm -> shifted 5 free bodies: ['akita_black_bowl_1_joint0', 'akita_black_bowl_2_joint0', 'cookies_1_joint0', 'glazed_rim_porcelain_ramekin_1_joint0', 'plate_1_joint0']
[libero_v] object_offset 3cm -> shifted 5 free bodies: ['akita_black_bowl_1_joint0', 'akita_black_bowl_2_joint0', 'cookies_1_joint0', 'glazed_rim_porcelain_ramekin_1_joint0', 'plate_1_joint0']
[libero_v] object_offset 3cm -> shifted 5 free bodies: ['akita_black_bowl_1_joint0', 'akita_black_bowl_2_joint0', 'cookies_1_joint0', 'glazed_rim_porcelain_ramekin_1_joint0', 'plate_1_joint0']
[libero_v] object_offset 3cm -> shifted 5 free bodies: ['akita_black_bowl_1_joint0', 'akita_black_bowl_2_joint0', 'cookies_1_joint0', 'glazed_rim_porcelain_ramekin_1_joint0', 'plate_1_joint0']
[libero_v] object_offset 3cm -> shifted 5 free bodies: ['akita_black_bowl_1_joint0', 'akita_black_bowl_2_joint0', 'cookies_1_joint0', 'glazed_rim_porcelain_ramekin_1_joint0', 'plate_1_joint0']
[libero_v] object_offset_3 t6: 7/10
Creating LIBERO envs | suites=['libero_spatial'] | n_envs(per task)=20 | init_states=True
Restricting to task_ids=[7]
[info] using task orders [0, 1, 2, 3, 4, 5, 6, 7, 8, 9]
Built vec env | suite=libero_spatial | task_id=7 | n_envs=20
[libero_v] object_offset 3cm -> shifted 5 free bodies: ['akita_black_bowl_1_joint0', 'akita_black_bowl_2_joint0', 'cookies_1_joint0', 'glazed_rim_porcelain_ramekin_1_joint0', 'plate_1_joint0']
[libero_v] object_offset 3cm -> shifted 5 free bodies: ['akita_black_bowl_1_joint0', 'akita_black_bowl_2_joint0', 'cookies_1_joint0', 'glazed_rim_porcelain_ramekin_1_joint0', 'plate_1_joint0']
[libero_v] object_offset 3cm -> shifted 5 free bodies: ['akita_black_bowl_1_joint0', 'akita_black_bowl_2_joint0', 'cookies_1_joint0', 'glazed_rim_porcelain_ramekin_1_joint0', 'plate_1_joint0']
[libero_v] object_offset 3cm -> shifted 5 free bodies: ['akita_black_bowl_1_joint0', 'akita_black_bowl_2_joint0', 'cookies_1_joint0', 'glazed_rim_porcelain_ramekin_1_joint0', 'plate_1_joint0']
[libero_v] object_offset 3cm -> shifted 5 free bodies: ['akita_black_bowl_1_joint0', 'akita_black_bowl_2_joint0', 'cookies_1_joint0', 'glazed_rim_porcelain_ramekin_1_joint0', 'plate_1_joint0']
[libero_v] object_offset 3cm -> shifted 5 free bodies: ['akita_black_bowl_1_joint0', 'akita_black_bowl_2_joint0', 'cookies_1_joint0', 'glazed_rim_porcelain_ramekin_1_joint0', 'plate_1_joint0']
[libero_v] object_offset 3cm -> shifted 5 free bodies: ['akita_black_bowl_1_joint0', 'akita_black_bowl_2_joint0', 'cookies_1_joint0', 'glazed_rim_porcelain_ramekin_1_joint0', 'plate_1_joint0']
[libero_v] object_offset 3cm -> shifted 5 free bodies: ['akita_black_bowl_1_joint0', 'akita_black_bowl_2_joint0', 'cookies_1_joint0', 'glazed_rim_porcelain_ramekin_1_joint0', 'plate_1_joint0']
[libero_v] object_offset 3cm -> shifted 5 free bodies: ['akita_black_bowl_1_joint0', 'akita_black_bowl_2_joint0', 'cookies_1_joint0', 'glazed_rim_porcelain_ramekin_1_joint0', 'plate_1_joint0']
[libero_v] object_offset 3cm -> shifted 5 free bodies: ['akita_black_bowl_1_joint0', 'akita_black_bowl_2_joint0', 'cookies_1_joint0', 'glazed_rim_porcelain_ramekin_1_joint0', 'plate_1_joint0']
[libero_v] object_offset 3cm -> shifted 5 free bodies: ['akita_black_bowl_1_joint0', 'akita_black_bowl_2_joint0', 'cookies_1_joint0', 'glazed_rim_porcelain_ramekin_1_joint0', 'plate_1_joint0']
[libero_v] object_offset 3cm -> shifted 5 free bodies: ['akita_black_bowl_1_joint0', 'akita_black_bowl_2_joint0', 'cookies_1_joint0', 'glazed_rim_porcelain_ramekin_1_joint0', 'plate_1_joint0']
[libero_v] object_offset 3cm -> shifted 5 free bodies: ['akita_black_bowl_1_joint0', 'akita_black_bowl_2_joint0', 'cookies_1_joint0', 'glazed_rim_porcelain_ramekin_1_joint0', 'plate_1_joint0']
[libero_v] object_offset 3cm -> shifted 5 free bodies: ['akita_black_bowl_1_joint0', 'akita_black_bowl_2_joint0', 'cookies_1_joint0', 'glazed_rim_porcelain_ramekin_1_joint0', 'plate_1_joint0']
[libero_v] object_offset 3cm -> shifted 5 free bodies: ['akita_black_bowl_1_joint0', 'akita_black_bowl_2_joint0', 'cookies_1_joint0', 'glazed_rim_porcelain_ramekin_1_joint0', 'plate_1_joint0']
[libero_v] object_offset 3cm -> shifted 5 free bodies: ['akita_black_bowl_1_joint0', 'akita_black_bowl_2_joint0', 'cookies_1_joint0', 'glazed_rim_porcelain_ramekin_1_joint0', 'plate_1_joint0']
[libero_v] object_offset 3cm -> shifted 5 free bodies: ['akita_black_bowl_1_joint0', 'akita_black_bowl_2_joint0', 'cookies_1_joint0', 'glazed_rim_porcelain_ramekin_1_joint0', 'plate_1_joint0']
[libero_v] object_offset 3cm -> shifted 5 free bodies: ['akita_black_bowl_1_joint0', 'akita_black_bowl_2_joint0', 'cookies_1_joint0', 'glazed_rim_porcelain_ramekin_1_joint0', 'plate_1_joint0']
[libero_v] object_offset 3cm -> shifted 5 free bodies: ['akita_black_bowl_1_joint0', 'akita_black_bowl_2_joint0', 'cookies_1_joint0', 'glazed_rim_porcelain_ramekin_1_joint0', 'plate_1_joint0']
[libero_v] object_offset 3cm -> shifted 5 free bodies: ['akita_black_bowl_1_joint0', 'akita_black_bowl_2_joint0', 'cookies_1_joint0', 'glazed_rim_porcelain_ramekin_1_joint0', 'plate_1_joint0']
[libero_v] object_offset_3 t7: 8/10
Creating LIBERO envs | suites=['libero_spatial'] | n_envs(per task)=20 | init_states=True
Restricting to task_ids=[8]
[info] using task orders [0, 1, 2, 3, 4, 5, 6, 7, 8, 9]
Built vec env | suite=libero_spatial | task_id=8 | n_envs=20
[libero_v] object_offset 3cm -> shifted 5 free bodies: ['akita_black_bowl_1_joint0', 'akita_black_bowl_2_joint0', 'cookies_1_joint0', 'glazed_rim_porcelain_ramekin_1_joint0', 'plate_1_joint0']
[libero_v] object_offset 3cm -> shifted 5 free bodies: ['akita_black_bowl_1_joint0', 'akita_black_bowl_2_joint0', 'cookies_1_joint0', 'glazed_rim_porcelain_ramekin_1_joint0', 'plate_1_joint0']
[libero_v] object_offset 3cm -> shifted 5 free bodies: ['akita_black_bowl_1_joint0', 'akita_black_bowl_2_joint0', 'cookies_1_joint0', 'glazed_rim_porcelain_ramekin_1_joint0', 'plate_1_joint0']
[libero_v] object_offset 3cm -> shifted 5 free bodies: ['akita_black_bowl_1_joint0', 'akita_black_bowl_2_joint0', 'cookies_1_joint0', 'glazed_rim_porcelain_ramekin_1_joint0', 'plate_1_joint0']
[libero_v] object_offset 3cm -> shifted 5 free bodies: ['akita_black_bowl_1_joint0', 'akita_black_bowl_2_joint0', 'cookies_1_joint0', 'glazed_rim_porcelain_ramekin_1_joint0', 'plate_1_joint0']
[libero_v] object_offset 3cm -> shifted 5 free bodies: ['akita_black_bowl_1_joint0', 'akita_black_bowl_2_joint0', 'cookies_1_joint0', 'glazed_rim_porcelain_ramekin_1_joint0', 'plate_1_joint0']
[libero_v] object_offset 3cm -> shifted 5 free bodies: ['akita_black_bowl_1_joint0', 'akita_black_bowl_2_joint0', 'cookies_1_joint0', 'glazed_rim_porcelain_ramekin_1_joint0', 'plate_1_joint0']
[libero_v] object_offset 3cm -> shifted 5 free bodies: ['akita_black_bowl_1_joint0', 'akita_black_bowl_2_joint0', 'cookies_1_joint0', 'glazed_rim_porcelain_ramekin_1_joint0', 'plate_1_joint0']
[libero_v] object_offset 3cm -> shifted 5 free bodies: ['akita_black_bowl_1_joint0', 'akita_black_bowl_2_joint0', 'cookies_1_joint0', 'glazed_rim_porcelain_ramekin_1_joint0', 'plate_1_joint0']
[libero_v] object_offset 3cm -> shifted 5 free bodies: ['akita_black_bowl_1_joint0', 'akita_black_bowl_2_joint0', 'cookies_1_joint0', 'glazed_rim_porcelain_ramekin_1_joint0', 'plate_1_joint0']
[libero_v] object_offset 3cm -> shifted 5 free bodies: ['akita_black_bowl_1_joint0', 'akita_black_bowl_2_joint0', 'cookies_1_joint0', 'glazed_rim_porcelain_ramekin_1_joint0', 'plate_1_joint0']
[libero_v] object_offset 3cm -> shifted 5 free bodies: ['akita_black_bowl_1_joint0', 'akita_black_bowl_2_joint0', 'cookies_1_joint0', 'glazed_rim_porcelain_ramekin_1_joint0', 'plate_1_joint0']
[libero_v] object_offset 3cm -> shifted 5 free bodies: ['akita_black_bowl_1_joint0', 'akita_black_bowl_2_joint0', 'cookies_1_joint0', 'glazed_rim_porcelain_ramekin_1_joint0', 'plate_1_joint0']
[libero_v] object_offset 3cm -> shifted 5 free bodies: ['akita_black_bowl_1_joint0', 'akita_black_bowl_2_joint0', 'cookies_1_joint0', 'glazed_rim_porcelain_ramekin_1_joint0', 'plate_1_joint0']
[libero_v] object_offset 3cm -> shifted 5 free bodies: ['akita_black_bowl_1_joint0', 'akita_black_bowl_2_joint0', 'cookies_1_joint0', 'glazed_rim_porcelain_ramekin_1_joint0', 'plate_1_joint0']
[libero_v] object_offset 3cm -> shifted 5 free bodies: ['akita_black_bowl_1_joint0', 'akita_black_bowl_2_joint0', 'cookies_1_joint0', 'glazed_rim_porcelain_ramekin_1_joint0', 'plate_1_joint0']
[libero_v] object_offset 3cm -> shifted 5 free bodies: ['akita_black_bowl_1_joint0', 'akita_black_bowl_2_joint0', 'cookies_1_joint0', 'glazed_rim_porcelain_ramekin_1_joint0', 'plate_1_joint0']
[libero_v] object_offset 3cm -> shifted 5 free bodies: ['akita_black_bowl_1_joint0', 'akita_black_bowl_2_joint0', 'cookies_1_joint0', 'glazed_rim_porcelain_ramekin_1_joint0', 'plate_1_joint0']
[libero_v] object_offset 3cm -> shifted 5 free bodies: ['akita_black_bowl_1_joint0', 'akita_black_bowl_2_joint0', 'cookies_1_joint0', 'glazed_rim_porcelain_ramekin_1_joint0', 'plate_1_joint0']
[libero_v] object_offset 3cm -> shifted 5 free bodies: ['akita_black_bowl_1_joint0', 'akita_black_bowl_2_joint0', 'cookies_1_joint0', 'glazed_rim_porcelain_ramekin_1_joint0', 'plate_1_joint0']
[libero_v] object_offset_3 t8: 8/10
Creating LIBERO envs | suites=['libero_spatial'] | n_envs(per task)=20 | init_states=True
Restricting to task_ids=[9]
[info] using task orders [0, 1, 2, 3, 4, 5, 6, 7, 8, 9]
Built vec env | suite=libero_spatial | task_id=9 | n_envs=20
[libero_v] object_offset 3cm -> shifted 5 free bodies: ['akita_black_bowl_1_joint0', 'akita_black_bowl_2_joint0', 'cookies_1_joint0', 'glazed_rim_porcelain_ramekin_1_joint0', 'plate_1_joint0']
[libero_v] object_offset 3cm -> shifted 5 free bodies: ['akita_black_bowl_1_joint0', 'akita_black_bowl_2_joint0', 'cookies_1_joint0', 'glazed_rim_porcelain_ramekin_1_joint0', 'plate_1_joint0']
[libero_v] object_offset 3cm -> shifted 5 free bodies: ['akita_black_bowl_1_joint0', 'akita_black_bowl_2_joint0', 'cookies_1_joint0', 'glazed_rim_porcelain_ramekin_1_joint0', 'plate_1_joint0']
[libero_v] object_offset 3cm -> shifted 5 free bodies: ['akita_black_bowl_1_joint0', 'akita_black_bowl_2_joint0', 'cookies_1_joint0', 'glazed_rim_porcelain_ramekin_1_joint0', 'plate_1_joint0']
[libero_v] object_offset 3cm -> shifted 5 free bodies: ['akita_black_bowl_1_joint0', 'akita_black_bowl_2_joint0', 'cookies_1_joint0', 'glazed_rim_porcelain_ramekin_1_joint0', 'plate_1_joint0']
[libero_v] object_offset 3cm -> shifted 5 free bodies: ['akita_black_bowl_1_joint0', 'akita_black_bowl_2_joint0', 'cookies_1_joint0', 'glazed_rim_porcelain_ramekin_1_joint0', 'plate_1_joint0']
[libero_v] object_offset 3cm -> shifted 5 free bodies: ['akita_black_bowl_1_joint0', 'akita_black_bowl_2_joint0', 'cookies_1_joint0', 'glazed_rim_porcelain_ramekin_1_joint0', 'plate_1_joint0']
[libero_v] object_offset 3cm -> shifted 5 free bodies: ['akita_black_bowl_1_joint0', 'akita_black_bowl_2_joint0', 'cookies_1_joint0', 'glazed_rim_porcelain_ramekin_1_joint0', 'plate_1_joint0']
[libero_v] object_offset 3cm -> shifted 5 free bodies: ['akita_black_bowl_1_joint0', 'akita_black_bowl_2_joint0', 'cookies_1_joint0', 'glazed_rim_porcelain_ramekin_1_joint0', 'plate_1_joint0']
[libero_v] object_offset 3cm -> shifted 5 free bodies: ['akita_black_bowl_1_joint0', 'akita_black_bowl_2_joint0', 'cookies_1_joint0', 'glazed_rim_porcelain_ramekin_1_joint0', 'plate_1_joint0']
[libero_v] object_offset 3cm -> shifted 5 free bodies: ['akita_black_bowl_1_joint0', 'akita_black_bowl_2_joint0', 'cookies_1_joint0', 'glazed_rim_porcelain_ramekin_1_joint0', 'plate_1_joint0']
[libero_v] object_offset 3cm -> shifted 5 free bodies: ['akita_black_bowl_1_joint0', 'akita_black_bowl_2_joint0', 'cookies_1_joint0', 'glazed_rim_porcelain_ramekin_1_joint0', 'plate_1_joint0']
[libero_v] object_offset 3cm -> shifted 5 free bodies: ['akita_black_bowl_1_joint0', 'akita_black_bowl_2_joint0', 'cookies_1_joint0', 'glazed_rim_porcelain_ramekin_1_joint0', 'plate_1_joint0']
[libero_v] object_offset 3cm -> shifted 5 free bodies: ['akita_black_bowl_1_joint0', 'akita_black_bowl_2_joint0', 'cookies_1_joint0', 'glazed_rim_porcelain_ramekin_1_joint0', 'plate_1_joint0']
[libero_v] object_offset 3cm -> shifted 5 free bodies: ['akita_black_bowl_1_joint0', 'akita_black_bowl_2_joint0', 'cookies_1_joint0', 'glazed_rim_porcelain_ramekin_1_joint0', 'plate_1_joint0']
[libero_v] object_offset 3cm -> shifted 5 free bodies: ['akita_black_bowl_1_joint0', 'akita_black_bowl_2_joint0', 'cookies_1_joint0', 'glazed_rim_porcelain_ramekin_1_joint0', 'plate_1_joint0']
[libero_v] object_offset 3cm -> shifted 5 free bodies: ['akita_black_bowl_1_joint0', 'akita_black_bowl_2_joint0', 'cookies_1_joint0', 'glazed_rim_porcelain_ramekin_1_joint0', 'plate_1_joint0']
[libero_v] object_offset 3cm -> shifted 5 free bodies: ['akita_black_bowl_1_joint0', 'akita_black_bowl_2_joint0', 'cookies_1_joint0', 'glazed_rim_porcelain_ramekin_1_joint0', 'plate_1_joint0']
[libero_v] object_offset 3cm -> shifted 5 free bodies: ['akita_black_bowl_1_joint0', 'akita_black_bowl_2_joint0', 'cookies_1_joint0', 'glazed_rim_porcelain_ramekin_1_joint0', 'plate_1_joint0']
[libero_v] object_offset 3cm -> shifted 5 free bodies: ['akita_black_bowl_1_joint0', 'akita_black_bowl_2_joint0', 'cookies_1_joint0', 'glazed_rim_porcelain_ramekin_1_joint0', 'plate_1_joint0']
[libero_v] object_offset_3 t9: 5/10
[libero_v] videos -> results/videos/libv_baseline_libero_spatial/object_offset_3/  (manifest results/videos/libv_baseline_libero_spatial/index.json)
[libero_v] == object_offset_3: SR=72.0% [62.5,79.9] n=100

==== LIBERO-V summary (baseline) ====
  object_offset_3     72.0%  [62.5,79.9]  n=100
  AVG across conditions  72.0%
