✓ Initialized. View run at 
https://modal.com/apps/seo-40141/main/ap-mPIkxqMTEQcIdn9v80pPUS
✓ Created objects.
├── 🔨 Created mount 
│   /home/user/Desktop/SAPTARSHI_ALT/steer_information_Saptarshi/sib_vla/multivl
│   a/smolvla_modal/smolvla_modal.py
├── 🔨 Created function validate.
└── 🔨 Created function eval_cell.

==========
== CUDA ==
==========

CUDA Version 12.4.1

Container image Copyright (c) 2016-2023, NVIDIA CORPORATION & AFFILIATES. All rights reserved.

This container image and its contents are governed by the NVIDIA Deep Learning Container License.
By pulling and using the container, you accept the terms and conditions of this license:
https://developer.nvidia.com/ngc/nvidia-deep-learning-container-license

A copy of this license is made available in this container at /NGC-DL-CONTAINER-LICENSE for your convenience.

[cell START] object/gaussian_noise_1/aegis n_envs=4 tasks=0 ep=4
[object/gaussian_noise_1/aegis] Loading  HuggingFaceTB/SmolVLM2-500M-Instruct weights ...
[object/gaussian_noise_1/aegis] `torch_dtype` is deprecated! Use `dtype` instead!
[object/gaussian_noise_1/aegis] Reducing the number of VLM layers to 16 ...
[object/gaussian_noise_1/aegis] Loading weights from local directory
[object/gaussian_noise_1/aegis] [rib] injected RobustIB  params=2.56M  d_z=512  fusion_coeff init=0.500 (vanilla at init)
[object/gaussian_noise_1/aegis] [rib] loaded /assets/sib_vla/results/ib_on86/rib_on86.pt  fusion_coeff=0.500  step=3000
[object/gaussian_noise_1/aegis] [libero_v] method=aegis  TE=True  n_action_steps=1  H=50 d=7
[object/gaussian_noise_1/aegis] [robosuite WARNING] No private macro file found! (__init__.py:7)
[object/gaussian_noise_1/aegis] WARNING:robosuite_logs:No private macro file found!
[object/gaussian_noise_1/aegis] [robosuite WARNING] It is recommended to use a private macro file (__init__.py:8)
[object/gaussian_noise_1/aegis] WARNING:robosuite_logs:It is recommended to use a private macro file
[object/gaussian_noise_1/aegis] [robosuite WARNING] To setup, run: python /usr/local/lib/python3.11/site-packages/robosuite/scripts/setup_macros.py (__init__.py:9)
[object/gaussian_noise_1/aegis] WARNING:robosuite_logs:To setup, run: python /usr/local/lib/python3.11/site-packages/robosuite/scripts/setup_macros.py
[object/gaussian_noise_1/aegis] Gym has been unmaintained since 2022 and does not support NumPy 2.0 amongst other critical functionality.
[object/gaussian_noise_1/aegis] Please upgrade to Gymnasium, the maintained drop-in replacement of Gym, or contact the authors of your software and request that they upgrade.
[object/gaussian_noise_1/aegis] Users of this version of Gym should be able to simply replace 'import gym' with 'import gymnasium as gym' in the vast majority of cases.
[object/gaussian_noise_1/aegis] See the migration guide at https://gymnasium.farama.org/introduction/migration_guide/ for additional information.
[object/gaussian_noise_1/aegis] [info] using task orders [0, 1, 2, 3, 4, 5, 6, 7, 8, 9]
[object/gaussian_noise_1/aegis] Creating LIBERO envs | suites=['libero_object'] | n_envs(per task)=4 | init_states=True
[object/gaussian_noise_1/aegis] Restricting to task_ids=[0]
[object/gaussian_noise_1/aegis] [info] using task orders [0, 1, 2, 3, 4, 5, 6, 7, 8, 9]
[object/gaussian_noise_1/aegis] [Warning]: datasets path /opt/LIBERO/libero/libero/../datasets does not exist!
[object/gaussian_noise_1/aegis] [Warning]: datasets path /opt/LIBERO/libero/libero/../datasets does not exist!
[object/gaussian_noise_1/aegis] [Warning]: datasets path /opt/LIBERO/libero/libero/../datasets does not exist!
[object/gaussian_noise_1/aegis] [Warning]: datasets path /opt/LIBERO/libero/libero/../datasets does not exist!
[object/gaussian_noise_1/aegis] [Warning]: datasets path /opt/LIBERO/libero/libero/../datasets does not exist!
[object/gaussian_noise_1/aegis] [Warning]: datasets path /opt/LIBERO/libero/libero/../datasets does not exist!
[object/gaussian_noise_1/aegis] [Warning]: datasets path /opt/LIBERO/libero/libero/../datasets does not exist!
[object/gaussian_noise_1/aegis] [Warning]: datasets path /opt/LIBERO/libero/libero/../datasets does not exist!
[object/gaussian_noise_1/aegis] Built vec env | suite=libero_object | task_id=0 | n_envs=4
[object/gaussian_noise_1/aegis] [libero_v] gaussian_noise_1 t0: 4/4
[object/gaussian_noise_1/aegis] [libero_v] == gaussian_noise_1: SR=100.0% [51.0,100.0] n=4
[object/gaussian_noise_1/aegis] 
[object/gaussian_noise_1/aegis] ==== LIBERO-V summary (aegis) ====
[object/gaussian_noise_1/aegis]   gaussian_noise_1   100.0%  [51.0,100.0]  n=4
[object/gaussian_noise_1/aegis]   AVG across conditions 100.0%
[cell DONE] object/gaussian_noise_1/aegis rc=0 sr=100.0
SMOKE: {'cell': {'suite': 'object', 'axis': 'gaussian_noise_1', 'arm': 'aegis', 'episodes': 4, 'n_envs': 4, 'tasks': '0'}, 'rc': 0, 'sr': 100.0, 'n': 4}
Stopping app - local entrypoint completed.
✓ App completed. View run at 
https://modal.com/apps/seo-40141/main/ap-mPIkxqMTEQcIdn9v80pPUS
