[17:47:52] === 4-suite parallel eval: EP=50 CONC=4 (8 jobs) ===
[17:47:52] START long/baseline
[17:47:52] START long/aegis
[17:47:52] START spatial/aegis
[17:47:52] START spatial/baseline
[19:23:59] DONE  spatial/baseline
[19:23:59] START object/baseline
[19:23:59] START goal/baseline
[19:23:59] START goal/aegis
[19:23:59] START object/aegis
[19:25:57] DONE  spatial/aegis
[21:23:52] DONE  object/aegis
[21:28:49] DONE  goal/aegis
[21:29:37] DONE  object/baseline
[21:30:18] DONE  long/aegis
[21:32:35] DONE  long/baseline
[21:36:52] DONE  goal/baseline
[21:36:52] === ALL EVALS DONE -> summary ===
   suite   base+TE    AEGIS
 spatial      80.5     85.5
  object      97.5     95.0
    goal      91.5     93.5
    long      64.5     56.5
     AVG      83.5     82.6   (paper target 87.3)
